// Jest Snapshot v1, https://goo.gl/fbAQLP

exports[`components/views/Feed renders all products 1`] = `
<Fragment>
  <CardHeader>
    <h1>
      products
    </h1>
  </CardHeader>
</Fragment>
`;
