// Jest Snapshot v1, https://goo.gl/fbAQLP

exports[`components/App matches snapshot 1`] = `
<Fragment>
  <CardHeader>
    <h1>
      Viv's Vintage Shop
    </h1>
  </CardHeader>
  <Connect(Feed) />
</Fragment>
`;
